// Jest Snapshot v1, https://goo.gl/fbAQLP

exports[`User item component Matches the snapshot 1`] = `
<div
  className="container"
>
  <h1>
    Phone book!
  </h1>
  <input
    className="ant-input search"
    onBlur={[Function]}
    onChange={[Function]}
    onFocus={[Function]}
    onKeyDown={[Function]}
    placeholder="Поиск"
    type="text"
    value=""
  />
  <div />
  <button
    className="ant-btn button-plus ant-btn-primary ant-btn-circle ant-btn-lg ant-btn-icon-only"
    onClick={[Function]}
    type="button"
  >
    <span
      aria-label="plus"
      className="anticon anticon-plus"
      role="img"
    >
      <svg
        aria-hidden="true"
        className=""
        data-icon="plus"
        fill="currentColor"
        focusable="false"
        height="1em"
        viewBox="64 64 896 896"
        width="1em"
      >
        <defs>
          <style />
        </defs>
        <path
          d="M482 152h60q8 0 8 8v704q0 8-8 8h-60q-8 0-8-8V160q0-8 8-8z"
        />
        <path
          d="M176 474h672q8 0 8 8v60q0 8-8 8H176q-8 0-8-8v-60q0-8 8-8z"
        />
      </svg>
    </span>
  </button>
</div>
`;
